// Jest Snapshot v1, https://goo.gl/fbAQLP

exports[`matches snapshot 1`] = `
<div
  className="footer"
  data-testid="footer"
>
  <p>
    PANKOD CHALLENGE PROJECT 
  </p>
</div>
`;
